23:20:06 **** Incremental Build of configuration Debug for project UART_Example2_IT ****
make -j8 all 
arm-none-eabi-gcc "../Core/Src/main.c" -mcpu=cortex-m4 -std=gnu11 -g3 -DDEBUG -DUSE_HAL_DRIVER -DSTM32F407xx -c -I../Core/Inc -I../Drivers/STM32F4xx_HAL_Driver/Inc -I../Drivers/STM32F4xx_HAL_Driver/Inc/Legacy -I../Drivers/CMSIS/Device/ST/STM32F4xx/Include -I../Drivers/CMSIS/Include -O0 -ffunction-sections -fdata-sections -Wall -fstack-usage -fcyclomatic-complexity -MMD -MP -MF"Core/Src/main.d" -MT"Core/Src/main.o" --specs=nano.specs -mfpu=fpv4-sp-d16 -mfloat-abi=hard -mthumb -o "Core/Src/main.o"
arm-none-eabi-gcc -o "UART_Example2_IT.elf" @"objects.list"   -mcpu=cortex-m4 -T"D:\Udemy\MCU2\workspace\UART_Example2_IT\STM32F407VGTX_FLASH.ld" --specs=nosys.specs -Wl,-Map="UART_Example2_IT.map" -Wl,--gc-sections -static --specs=nano.specs -mfpu=fpv4-sp-d16 -mfloat-abi=hard -mthumb -Wl,--start-group -lc -lm -Wl,--end-group
Finished building target: UART_Example2_IT.elf
 
arm-none-eabi-size  UART_Example2_IT.elf 
arm-none-eabi-objdump -h -S UART_Example2_IT.elf  > "UART_Example2_IT.list"
   text	   data	    bss	    dec	    hex	filename
   8500	     16	   1752	  10268	   281c	UART_Example2_IT.elf
Finished building: default.size.stdout
 
Finished building: UART_Example2_IT.list
 
23:20:16 **** Incremental Build of configuration Debug for project UART_Example2_IT ****
make -j8 all 
arm-none-eabi-size  UART_Example2_IT.elf 
   text	   data	    bss	    dec	    hex	filename
   8500	     16	   1752	  10268	   281c	UART_Example2_IT.elf
Finished building: default.size.stdout
 
